*** Using Compiler 'V5.06 update 7 (build 960)', folder: 'D:\ALLSOFTWARE\keilv5\ARM\ARM_Compiler_5.06u7\Bin'
Rebuild target 'Coffee3Close'
assembling app_crash_fault_armcc.s...
assembling startup_stm32f407xx.s...
compiling app_log.c...
compiling stm32f4xx_hal_msp.c...
compiling stm32f4xx_hal_timebase_tim.c...
compiling dma.c...
compiling stm32f4xx_it.c...
compiling spi.c...
compiling crc.c...
compiling gpio.c...
compiling tcp_client_session.c...
compiling usart.c...
compiling freertos.c...
compiling app_crash_diag.c...
compiling rtc.c...
compiling app_ota_flash.c...
compiling coffee3_retarget.c...
compiling coffee3_device_image.c...
compiling coffee3_device.c...
compiling app_lwip_alert.c...
compiling dobot_robot_device.c...
compiling main.c...
compiling coffee_machine_m50.c...
compiling coffee3_workflow.c...
compiling cup_lid_shengshu.c...
compiling syrup_machine_modbus.c...
compiling ethernetif.c...
compiling app_ota_http.c...
compiling ice_machine_modbus.c...
compiling scale_bsq_dg_v2.c...
compiling power_meter_ddsu666.c...
compiling transport.c...
compiling io_module_modbus_digital.c...
compiling modbus_port.c...
compiling dp83848.c...
compiling nanomodbus.c...
compiling coffee3_crash_log_port.c...
compiling coffee3_log.c...
compiling coffee3_ota.c...
compiling coffee3_io.c...
compiling transport_uart.c...
compiling coffee3_rtu_bus.c...
compiling stm32f4xx_hal_tim_ex.c...
compiling stm32f4xx_hal_rcc_ex.c...
compiling stm32f4xx_hal_rcc.c...
compiling stm32f4xx_hal_flash.c...
compiling coffee3_manager.c...
compiling coffee3_robot_tcp.c...
compiling stm32f4xx_hal_tim.c...
compiling lwip.c...
compiling transport_tcp.c...
compiling coffee3_server.c...
compiling stm32f4xx_hal_flash_ramfunc.c...
compiling stm32f4xx_hal_flash_ex.c...
compiling croutine.c...
compiling stm32f4xx_hal_gpio.c...
compiling event_groups.c...
compiling stm32f4xx_hal_dma_ex.c...
compiling list.c...
compiling queue.c...
compiling stm32f4xx_hal_cortex.c...
compiling stm32f4xx_hal_dma.c...
compiling stm32f4xx_hal_pwr_ex.c...
compiling stream_buffer.c...
compiling stm32f4xx_hal_pwr.c...
compiling stm32f4xx_hal_exti.c...
compiling stm32f4xx_hal.c...
compiling tasks.c...
compiling stm32f4xx_hal_crc.c...
compiling timers.c...
compiling stm32f4xx_hal_eth.c...
compiling stm32f4xx_hal_rtc.c...
compiling stm32f4xx_hal_rtc_ex.c...
compiling heap_4.c...
compiling stm32f4xx_hal_spi.c...
compiling stm32f4xx_hal_uart.c...
compiling port.c...
compiling system_stm32f4xx.c...
compiling fsm.c...
compiling demand.c...
compiling chap_ms.c...
compiling eap.c...
compiling auth.c...
compiling chap-new.c...
compiling ipcp.c...
compiling ccp.c...
compiling lcp.c...
compiling ipv6cp.c...
compiling chap-md5.c...
compiling mppe.c...
compiling eui64.c...
compiling magic.c...
compiling cmsis_os2.c...
compiling multilink.c...
compiling ppp.c...
compiling pppapi.c...
compiling pppoe.c...
compiling pppos.c...
compiling utils.c...
compiling upap.c...
compiling pppol2tp.c...
compiling lowpan6_ble.c...
compiling pppcrypt.c...
compiling lowpan6.c...
compiling lowpan6_common.c...
compiling vj.c...
compiling ethernet.c...
compiling slipif.c...
compiling bridgeif_fdb.c...
compiling bridgeif.c...
compiling ecp.c...
compiling zepif.c...
compiling altcp_alloc.c...
compiling netdb.c...
compiling altcp.c...
compiling altcp_tcp.c...
compiling dns.c...
compiling def.c...
compiling netifapi.c...
compiling netbuf.c...
compiling err.c...
compiling if_api.c...
compiling tcpip.c...
compiling api_msg.c...
compiling api_lib.c...
compiling sockets.c...
compiling inet_chksum.c...
compiling raw.c...
compiling ip.c...
compiling stats.c...
compiling udp.c...
compiling sys.c...
compiling mem.c...
compiling autoip.c...
compiling tcp.c...
compiling tcp_out.c...
compiling tcp_in.c...
compiling pbuf.c...
compiling netif.c...
compiling timeouts.c...
compiling init.c...
compiling memp.c...
compiling dhcp.c...
compiling igmp.c...
compiling ip6.c...
compiling ethip6.c...
compiling dhcp6.c...
compiling icmp6.c...
compiling ip4_addr.c...
compiling etharp.c...
compiling ip4.c...
compiling icmp.c...
compiling inet6.c...
compiling mld6.c...
compiling ip6_addr.c...
compiling nd6.c...
compiling ip4_frag.c...
compiling ip6_frag.c...
compiling sys_arch.c...
compiling mqtt.c...
linking...
Program Size: Code=203168 RO-data=8600 RW-data=584 ZI-data=144160  
FromELF: creating hex file...
After Build - User command #2: fromelf --bin -o "d:\Project_Items\Project_Base\MDK-ARM\Objects\Coffee3Close\Coffee3Close.bin" "d:\Project_Items\Project_Base\MDK-ARM\Objects\Coffee3Close\Coffee3Close.axf
".\Objects\Coffee3Close\Coffee3Close.axf" - 0 Error(s), 0 Warning(s).
Build Time Elapsed:  00:00:27
