*** Using Compiler 'V5.06 update 7 (build 960)', folder: 'D:\ALLSOFTWARE\keilv5\ARM\ARM_Compiler_5.06u7\Bin'
Build target 'Coffee2Open'
compiling power_meter_ddsu666.c...
compiling scale_bsq_dg_v2.c...
compiling coffee2_device_image.c...
compiling modbus_port.c...
compiling ice_machine_modbus.c...
compiling cup_lid_shengshu.c...
compiling io_module_modbus_digital.c...
compiling syrup_machine_modbus.c...
compiling coffee2_workflow.c...
compiling coffee2_rtu_bus.c...
compiling coffee2_manager.c...
compiling coffee2_robot_tcp.c...
compiling coffee2_server.c...
linking...
Program Size: Code=201824 RO-data=7420 RW-data=556 ZI-data=143428  
FromELF: creating hex file...
After Build - User command #2: fromelf --bin -o "D:\Project_Items\Project_Base\MDK-ARM\Objects\Coffee2Open\Coffee2Open.bin" "D:\Project_Items\Project_Base\MDK-ARM\Objects\Coffee2Open\Coffee2Open.axf
".\Objects\Coffee2Open\Coffee2Open.axf" - 0 Error(s), 0 Warning(s).
Build Time Elapsed:  00:00:06
