[1/2] Cleaning additional files...
[2/2] Cleaning all built files...
Cleaning... 163 files.
[1/163] Building C object CMakeFiles/Coffee2Target.dir/Platform/app_ccm.c.obj
[2/163] Building C object CMakeFiles/Coffee2Target.dir/C_/Users/13193/Desktop/Project_Base/CubeMX_Base/Core/Src/gpio.c.obj
[3/163] Building C object nanomodbus/CMakeFiles/nanomodbus.dir/Src/nanomodbus.c.obj
[4/163] Building C object CMakeFiles/Coffee2Target.dir/C_/Users/13193/Desktop/Project_Base/CubeMX_Base/Core/Src/dma.c.obj
[5/163] Building C object CMakeFiles/Coffee2Target.dir/C_/Users/13193/Desktop/Project_Base/CubeMX_Base/Core/Src/crc.c.obj
[6/163] Building ASM object CMakeFiles/Coffee2Target.dir/startup_stm32f407xx.s.obj
[7/163] Building C object CMakeFiles/Coffee2Target.dir/C_/Users/13193/Desktop/Project_Base/CubeMX_Base/Core/Src/spi.c.obj
[8/163] Building C object CMakeFiles/Coffee2Target.dir/C_/Users/13193/Desktop/Project_Base/CubeMX_Base/Core/Src/rtc.c.obj
[9/163] Building C object CMakeFiles/Coffee2Target.dir/C_/Users/13193/Desktop/Project_Base/CubeMX_Base/Core/Src/freertos.c.obj
[10/163] Building C object CMakeFiles/Coffee2Target.dir/C_/Users/13193/Desktop/Project_Base/CubeMX_Base/Core/Src/stm32f4xx_hal_msp.c.obj
[11/163] Building C object CMakeFiles/Coffee2Target.dir/C_/Users/13193/Desktop/Project_Base/CubeMX_Base/Core/Src/stm32f4xx_it.c.obj
[12/163] Building C object CMakeFiles/Coffee2Target.dir/C_/Users/13193/Desktop/Project_Base/CubeMX_Base/Core/Src/stm32f4xx_hal_timebase_tim.c.obj
[13/163] Building C object CMakeFiles/Coffee2Target.dir/C_/Users/13193/Desktop/Project_Base/CubeMX_Base/Core/Src/usart.c.obj
[14/163] Building C object cmake/stm32cubemx/CMakeFiles/STM32_Drivers.dir/C_/Users/13193/Desktop/Project_Base/CubeMX_Base/Drivers/STM32F4xx_HAL_Driver/Src/stm32f4xx_hal_rcc_ex.c.obj
[15/163] Building C object cmake/stm32cubemx/CMakeFiles/STM32_Drivers.dir/C_/Users/13193/Desktop/Project_Base/CubeMX_Base/Drivers/STM32F4xx_HAL_Driver/Src/stm32f4xx_hal_flash.c.obj
[16/163] Building C object cmake/stm32cubemx/CMakeFiles/STM32_Drivers.dir/C_/Users/13193/Desktop/Project_Base/CubeMX_Base/Drivers/STM32F4xx_HAL_Driver/Src/stm32f4xx_hal_flash_ex.c.obj
[17/163] Building C object cmake/stm32cubemx/CMakeFiles/STM32_Drivers.dir/C_/Users/13193/Desktop/Project_Base/CubeMX_Base/Core/Src/system_stm32f4xx.c.obj
[18/163] Building C object cmake/stm32cubemx/CMakeFiles/STM32_Drivers.dir/C_/Users/13193/Desktop/Project_Base/CubeMX_Base/Drivers/STM32F4xx_HAL_Driver/Src/stm32f4xx_hal_flash_ramfunc.c.obj
[19/163] Building C object CMakeFiles/Coffee2Target.dir/C_/Users/13193/Desktop/Project_Base/CubeMX_Base/LWIP/Target/ethernetif.c.obj
[20/163] Building C object cmake/stm32cubemx/CMakeFiles/STM32_Drivers.dir/C_/Users/13193/Desktop/Project_Base/CubeMX_Base/Drivers/STM32F4xx_HAL_Driver/Src/stm32f4xx_hal_gpio.c.obj
[21/163] Building C object CMakeFiles/Coffee2Target.dir/C_/Users/13193/Desktop/Project_Base/CubeMX_Base/LWIP/App/lwip.c.obj
[22/163] Building C object CMakeFiles/Coffee2Target.dir/C_/Users/13193/Desktop/Project_Base/CubeMX_Base/Core/Src/main.c.obj
[23/163] Building C object cmake/stm32cubemx/CMakeFiles/STM32_Drivers.dir/C_/Users/13193/Desktop/Project_Base/CubeMX_Base/Drivers/STM32F4xx_HAL_Driver/Src/stm32f4xx_hal_dma_ex.c.obj
[24/163] Building C object CMakeFiles/Coffee2Target.dir/C_/Users/13193/Desktop/Project_Base/CubeMX_Base/Core/Src/sysmem.c.obj
[25/163] Building C object cmake/stm32cubemx/CMakeFiles/STM32_Drivers.dir/C_/Users/13193/Desktop/Project_Base/CubeMX_Base/Drivers/STM32F4xx_HAL_Driver/Src/stm32f4xx_hal_dma.c.obj
[26/163] Building C object cmake/stm32cubemx/CMakeFiles/STM32_Drivers.dir/C_/Users/13193/Desktop/Project_Base/CubeMX_Base/Drivers/STM32F4xx_HAL_Driver/Src/stm32f4xx_hal_tim_ex.c.obj
[27/163] Building C object cmake/stm32cubemx/CMakeFiles/STM32_Drivers.dir/C_/Users/13193/Desktop/Project_Base/CubeMX_Base/Drivers/STM32F4xx_HAL_Driver/Src/stm32f4xx_hal_rcc.c.obj
[28/163] Building C object cmake/stm32cubemx/CMakeFiles/STM32_Drivers.dir/C_/Users/13193/Desktop/Project_Base/CubeMX_Base/Drivers/STM32F4xx_HAL_Driver/Src/stm32f4xx_hal_pwr.c.obj
[29/163] Building C object CMakeFiles/Coffee2Target.dir/C_/Users/13193/Desktop/Project_Base/CubeMX_Base/Core/Src/syscalls.c.obj
[30/163] Building C object cmake/stm32cubemx/CMakeFiles/STM32_Drivers.dir/C_/Users/13193/Desktop/Project_Base/CubeMX_Base/Drivers/STM32F4xx_HAL_Driver/Src/stm32f4xx_hal_pwr_ex.c.obj
[31/163] Building C object cmake/stm32cubemx/CMakeFiles/STM32_Drivers.dir/C_/Users/13193/Desktop/Project_Base/CubeMX_Base/Drivers/STM32F4xx_HAL_Driver/Src/stm32f4xx_hal_tim.c.obj
[32/163] Building C object cmake/stm32cubemx/CMakeFiles/STM32_Drivers.dir/C_/Users/13193/Desktop/Project_Base/CubeMX_Base/Drivers/STM32F4xx_HAL_Driver/Src/stm32f4xx_hal_cortex.c.obj
[33/163] Building C object cmake/stm32cubemx/CMakeFiles/STM32_Drivers.dir/C_/Users/13193/Desktop/Project_Base/CubeMX_Base/Drivers/STM32F4xx_HAL_Driver/Src/stm32f4xx_hal.c.obj
[34/163] Building C object cmake/stm32cubemx/CMakeFiles/STM32_Drivers.dir/C_/Users/13193/Desktop/Project_Base/CubeMX_Base/Drivers/STM32F4xx_HAL_Driver/Src/stm32f4xx_hal_exti.c.obj
[35/163] Building C object cmake/stm32cubemx/CMakeFiles/STM32_Drivers.dir/C_/Users/13193/Desktop/Project_Base/CubeMX_Base/Drivers/STM32F4xx_HAL_Driver/Src/stm32f4xx_hal_eth.c.obj
[36/163] Building C object cmake/stm32cubemx/CMakeFiles/STM32_Drivers.dir/C_/Users/13193/Desktop/Project_Base/CubeMX_Base/Drivers/STM32F4xx_HAL_Driver/Src/stm32f4xx_hal_crc.c.obj
[37/163] Building C object cmake/stm32cubemx/CMakeFiles/STM32_Drivers.dir/C_/Users/13193/Desktop/Project_Base/CubeMX_Base/Drivers/STM32F4xx_HAL_Driver/Src/stm32f4xx_hal_rtc.c.obj
[38/163] Building C object cmake/stm32cubemx/CMakeFiles/STM32_Drivers.dir/C_/Users/13193/Desktop/Project_Base/CubeMX_Base/Drivers/STM32F4xx_HAL_Driver/Src/stm32f4xx_hal_rtc_ex.c.obj
[39/163] Building C object cmake/stm32cubemx/CMakeFiles/STM32_Drivers.dir/C_/Users/13193/Desktop/Project_Base/CubeMX_Base/Drivers/STM32F4xx_HAL_Driver/Src/stm32f4xx_hal_spi.c.obj
[40/163] Building C object cmake/stm32cubemx/CMakeFiles/STM32_Drivers.dir/C_/Users/13193/Desktop/Project_Base/CubeMX_Base/Drivers/STM32F4xx_HAL_Driver/Src/stm32f4xx_hal_uart.c.obj
[41/163] Building C object cmake/stm32cubemx/CMakeFiles/STM32_Drivers.dir/C_/Users/13193/Desktop/Project_Base/CubeMX_Base/Drivers/BSP/Components/dp83848/dp83848.c.obj
[42/163] Building C object cmake/stm32cubemx/CMakeFiles/FreeRTOS.dir/C_/Users/13193/Desktop/Project_Base/CubeMX_Base/Middlewares/Third_Party/FreeRTOS/Source/croutine.c.obj
[43/163] Building C object cmake/stm32cubemx/CMakeFiles/FreeRTOS.dir/C_/Users/13193/Desktop/Project_Base/CubeMX_Base/Middlewares/Third_Party/FreeRTOS/Source/event_groups.c.obj
[44/163] Building C object cmake/stm32cubemx/CMakeFiles/FreeRTOS.dir/C_/Users/13193/Desktop/Project_Base/CubeMX_Base/Middlewares/Third_Party/FreeRTOS/Source/list.c.obj
[45/163] Building C object cmake/stm32cubemx/CMakeFiles/FreeRTOS.dir/C_/Users/13193/Desktop/Project_Base/CubeMX_Base/Middlewares/Third_Party/FreeRTOS/Source/queue.c.obj
[46/163] Building C object cmake/stm32cubemx/CMakeFiles/FreeRTOS.dir/C_/Users/13193/Desktop/Project_Base/CubeMX_Base/Middlewares/Third_Party/FreeRTOS/Source/stream_buffer.c.obj
[47/163] Building C object cmake/stm32cubemx/CMakeFiles/FreeRTOS.dir/C_/Users/13193/Desktop/Project_Base/CubeMX_Base/Middlewares/Third_Party/FreeRTOS/Source/tasks.c.obj
[48/163] Building C object cmake/stm32cubemx/CMakeFiles/FreeRTOS.dir/C_/Users/13193/Desktop/Project_Base/CubeMX_Base/Middlewares/Third_Party/FreeRTOS/Source/timers.c.obj
[49/163] Building C object cmake/stm32cubemx/CMakeFiles/FreeRTOS.dir/C_/Users/13193/Desktop/Project_Base/CubeMX_Base/Middlewares/Third_Party/FreeRTOS/Source/CMSIS_RTOS_V2/cmsis_os2.c.obj
[50/163] Building C object cmake/stm32cubemx/CMakeFiles/FreeRTOS.dir/C_/Users/13193/Desktop/Project_Base/CubeMX_Base/Middlewares/Third_Party/FreeRTOS/Source/portable/MemMang/heap_4.c.obj
[51/163] Building C object cmake/stm32cubemx/CMakeFiles/FreeRTOS.dir/C_/Users/13193/Desktop/Project_Base/CubeMX_Base/Middlewares/Third_Party/FreeRTOS/Source/portable/GCC/ARM_CM4F/port.c.obj
[52/163] Building C object cmake/stm32cubemx/CMakeFiles/LwIP.dir/C_/Users/13193/Desktop/Project_Base/CubeMX_Base/Middlewares/Third_Party/LwIP/src/netif/ppp/auth.c.obj
[53/163] Building C object cmake/stm32cubemx/CMakeFiles/LwIP.dir/C_/Users/13193/Desktop/Project_Base/CubeMX_Base/Middlewares/Third_Party/LwIP/src/netif/ppp/ccp.c.obj
[54/163] Building C object cmake/stm32cubemx/CMakeFiles/LwIP.dir/C_/Users/13193/Desktop/Project_Base/CubeMX_Base/Middlewares/Third_Party/LwIP/src/netif/ppp/chap_ms.c.obj
[55/163] Building C object cmake/stm32cubemx/CMakeFiles/LwIP.dir/C_/Users/13193/Desktop/Project_Base/CubeMX_Base/Middlewares/Third_Party/LwIP/src/netif/ppp/chap-md5.c.obj
[56/163] Building C object cmake/stm32cubemx/CMakeFiles/LwIP.dir/C_/Users/13193/Desktop/Project_Base/CubeMX_Base/Middlewares/Third_Party/LwIP/src/netif/ppp/chap-new.c.obj
[57/163] Building C object cmake/stm32cubemx/CMakeFiles/LwIP.dir/C_/Users/13193/Desktop/Project_Base/CubeMX_Base/Middlewares/Third_Party/LwIP/src/netif/ppp/demand.c.obj
[58/163] Building C object cmake/stm32cubemx/CMakeFiles/LwIP.dir/C_/Users/13193/Desktop/Project_Base/CubeMX_Base/Middlewares/Third_Party/LwIP/src/netif/ppp/eap.c.obj
[59/163] Building C object cmake/stm32cubemx/CMakeFiles/LwIP.dir/C_/Users/13193/Desktop/Project_Base/CubeMX_Base/Middlewares/Third_Party/LwIP/src/netif/ppp/eui64.c.obj
[60/163] Building C object cmake/stm32cubemx/CMakeFiles/LwIP.dir/C_/Users/13193/Desktop/Project_Base/CubeMX_Base/Middlewares/Third_Party/LwIP/src/netif/ppp/fsm.c.obj
[61/163] Building C object cmake/stm32cubemx/CMakeFiles/LwIP.dir/C_/Users/13193/Desktop/Project_Base/CubeMX_Base/Middlewares/Third_Party/LwIP/src/netif/ppp/ipcp.c.obj
[62/163] Building C object cmake/stm32cubemx/CMakeFiles/LwIP.dir/C_/Users/13193/Desktop/Project_Base/CubeMX_Base/Middlewares/Third_Party/LwIP/src/netif/ppp/ipv6cp.c.obj
[63/163] Building C object cmake/stm32cubemx/CMakeFiles/LwIP.dir/C_/Users/13193/Desktop/Project_Base/CubeMX_Base/Middlewares/Third_Party/LwIP/src/netif/ppp/lcp.c.obj
[64/163] Building C object cmake/stm32cubemx/CMakeFiles/LwIP.dir/C_/Users/13193/Desktop/Project_Base/CubeMX_Base/Middlewares/Third_Party/LwIP/src/netif/ppp/magic.c.obj
[65/163] Building C object cmake/stm32cubemx/CMakeFiles/LwIP.dir/C_/Users/13193/Desktop/Project_Base/CubeMX_Base/Middlewares/Third_Party/LwIP/src/netif/ppp/mppe.c.obj
[66/163] Building C object cmake/stm32cubemx/CMakeFiles/LwIP.dir/C_/Users/13193/Desktop/Project_Base/CubeMX_Base/Middlewares/Third_Party/LwIP/src/netif/ppp/multilink.c.obj
[67/163] Building C object cmake/stm32cubemx/CMakeFiles/LwIP.dir/C_/Users/13193/Desktop/Project_Base/CubeMX_Base/Middlewares/Third_Party/LwIP/src/netif/ppp/ppp.c.obj
[68/163] Building C object cmake/stm32cubemx/CMakeFiles/LwIP.dir/C_/Users/13193/Desktop/Project_Base/CubeMX_Base/Middlewares/Third_Party/LwIP/src/netif/ppp/pppcrypt.c.obj
[69/163] Building C object cmake/stm32cubemx/CMakeFiles/LwIP.dir/C_/Users/13193/Desktop/Project_Base/CubeMX_Base/Middlewares/Third_Party/LwIP/src/netif/ppp/pppoe.c.obj
[70/163] Building C object cmake/stm32cubemx/CMakeFiles/LwIP.dir/C_/Users/13193/Desktop/Project_Base/CubeMX_Base/Middlewares/Third_Party/LwIP/src/netif/ppp/pppol2tp.c.obj
[71/163] Building C object cmake/stm32cubemx/CMakeFiles/LwIP.dir/C_/Users/13193/Desktop/Project_Base/CubeMX_Base/Middlewares/Third_Party/LwIP/src/netif/ppp/pppos.c.obj
[72/163] Building C object cmake/stm32cubemx/CMakeFiles/LwIP.dir/C_/Users/13193/Desktop/Project_Base/CubeMX_Base/Middlewares/Third_Party/LwIP/src/netif/ppp/upap.c.obj
[73/163] Building C object cmake/stm32cubemx/CMakeFiles/LwIP.dir/C_/Users/13193/Desktop/Project_Base/CubeMX_Base/Middlewares/Third_Party/LwIP/src/netif/ppp/utils.c.obj
[74/163] Building C object cmake/stm32cubemx/CMakeFiles/LwIP.dir/C_/Users/13193/Desktop/Project_Base/CubeMX_Base/Middlewares/Third_Party/LwIP/src/netif/ppp/vj.c.obj
[75/163] Building C object cmake/stm32cubemx/CMakeFiles/LwIP.dir/C_/Users/13193/Desktop/Project_Base/CubeMX_Base/Middlewares/Third_Party/LwIP/src/netif/bridgeif.c.obj
[76/163] Building C object cmake/stm32cubemx/CMakeFiles/LwIP.dir/C_/Users/13193/Desktop/Project_Base/CubeMX_Base/Middlewares/Third_Party/LwIP/src/netif/bridgeif_fdb.c.obj
[77/163] Building C object cmake/stm32cubemx/CMakeFiles/LwIP.dir/C_/Users/13193/Desktop/Project_Base/CubeMX_Base/Middlewares/Third_Party/LwIP/src/netif/ethernet.c.obj
[78/163] Building C object cmake/stm32cubemx/CMakeFiles/LwIP.dir/C_/Users/13193/Desktop/Project_Base/CubeMX_Base/Middlewares/Third_Party/LwIP/src/netif/lowpan6.c.obj
[79/163] Building C object cmake/stm32cubemx/CMakeFiles/LwIP.dir/C_/Users/13193/Desktop/Project_Base/CubeMX_Base/Middlewares/Third_Party/LwIP/src/netif/lowpan6_ble.c.obj
[80/163] Building C object cmake/stm32cubemx/CMakeFiles/LwIP.dir/C_/Users/13193/Desktop/Project_Base/CubeMX_Base/Middlewares/Third_Party/LwIP/src/netif/lowpan6_common.c.obj
[81/163] Building C object cmake/stm32cubemx/CMakeFiles/LwIP.dir/C_/Users/13193/Desktop/Project_Base/CubeMX_Base/Middlewares/Third_Party/LwIP/src/netif/slipif.c.obj
[82/163] Building C object cmake/stm32cubemx/CMakeFiles/LwIP.dir/C_/Users/13193/Desktop/Project_Base/CubeMX_Base/Middlewares/Third_Party/LwIP/src/netif/zepif.c.obj
[83/163] Building C object cmake/stm32cubemx/CMakeFiles/LwIP.dir/C_/Users/13193/Desktop/Project_Base/CubeMX_Base/Middlewares/Third_Party/LwIP/src/netif/ppp/ecp.c.obj
[84/163] Building C object cmake/stm32cubemx/CMakeFiles/LwIP.dir/C_/Users/13193/Desktop/Project_Base/CubeMX_Base/Middlewares/Third_Party/LwIP/src/api/api_lib.c.obj
[85/163] Building C object cmake/stm32cubemx/CMakeFiles/LwIP.dir/C_/Users/13193/Desktop/Project_Base/CubeMX_Base/Middlewares/Third_Party/LwIP/src/api/api_msg.c.obj
[86/163] Building C object cmake/stm32cubemx/CMakeFiles/LwIP.dir/C_/Users/13193/Desktop/Project_Base/CubeMX_Base/Middlewares/Third_Party/LwIP/src/api/err.c.obj
[87/163] Building C object cmake/stm32cubemx/CMakeFiles/LwIP.dir/C_/Users/13193/Desktop/Project_Base/CubeMX_Base/Middlewares/Third_Party/LwIP/src/api/if_api.c.obj
[88/163] Building C object cmake/stm32cubemx/CMakeFiles/LwIP.dir/C_/Users/13193/Desktop/Project_Base/CubeMX_Base/Middlewares/Third_Party/LwIP/src/api/netbuf.c.obj
[89/163] Building C object cmake/stm32cubemx/CMakeFiles/LwIP.dir/C_/Users/13193/Desktop/Project_Base/CubeMX_Base/Middlewares/Third_Party/LwIP/src/api/netdb.c.obj
[90/163] Building C object cmake/stm32cubemx/CMakeFiles/LwIP.dir/C_/Users/13193/Desktop/Project_Base/CubeMX_Base/Middlewares/Third_Party/LwIP/src/api/netifapi.c.obj
[91/163] Building C object cmake/stm32cubemx/CMakeFiles/LwIP.dir/C_/Users/13193/Desktop/Project_Base/CubeMX_Base/Middlewares/Third_Party/LwIP/src/api/sockets.c.obj
[92/163] Building C object cmake/stm32cubemx/CMakeFiles/LwIP.dir/C_/Users/13193/Desktop/Project_Base/CubeMX_Base/Middlewares/Third_Party/LwIP/src/api/tcpip.c.obj
[93/163] Building C object cmake/stm32cubemx/CMakeFiles/LwIP.dir/C_/Users/13193/Desktop/Project_Base/CubeMX_Base/Middlewares/Third_Party/LwIP/src/netif/ppp/pppapi.c.obj
[94/163] Building C object cmake/stm32cubemx/CMakeFiles/LwIP.dir/C_/Users/13193/Desktop/Project_Base/CubeMX_Base/Middlewares/Third_Party/LwIP/src/core/altcp.c.obj
[95/163] Building C object cmake/stm32cubemx/CMakeFiles/LwIP.dir/C_/Users/13193/Desktop/Project_Base/CubeMX_Base/Middlewares/Third_Party/LwIP/src/core/altcp_alloc.c.obj
[96/163] Building C object cmake/stm32cubemx/CMakeFiles/LwIP.dir/C_/Users/13193/Desktop/Project_Base/CubeMX_Base/Middlewares/Third_Party/LwIP/src/core/altcp_tcp.c.obj
[97/163] Building C object cmake/stm32cubemx/CMakeFiles/LwIP.dir/C_/Users/13193/Desktop/Project_Base/CubeMX_Base/Middlewares/Third_Party/LwIP/src/core/def.c.obj
[98/163] Building C object cmake/stm32cubemx/CMakeFiles/LwIP.dir/C_/Users/13193/Desktop/Project_Base/CubeMX_Base/Middlewares/Third_Party/LwIP/src/core/dns.c.obj
[99/163] Building C object cmake/stm32cubemx/CMakeFiles/LwIP.dir/C_/Users/13193/Desktop/Project_Base/CubeMX_Base/Middlewares/Third_Party/LwIP/src/core/inet_chksum.c.obj
[100/163] Building C object cmake/stm32cubemx/CMakeFiles/LwIP.dir/C_/Users/13193/Desktop/Project_Base/CubeMX_Base/Middlewares/Third_Party/LwIP/src/core/init.c.obj
[101/163] Building C object cmake/stm32cubemx/CMakeFiles/LwIP.dir/C_/Users/13193/Desktop/Project_Base/CubeMX_Base/Middlewares/Third_Party/LwIP/src/core/ip.c.obj
[102/163] Building C object cmake/stm32cubemx/CMakeFiles/LwIP.dir/C_/Users/13193/Desktop/Project_Base/CubeMX_Base/Middlewares/Third_Party/LwIP/src/core/mem.c.obj
[103/163] Building C object cmake/stm32cubemx/CMakeFiles/LwIP.dir/C_/Users/13193/Desktop/Project_Base/CubeMX_Base/Middlewares/Third_Party/LwIP/src/core/memp.c.obj
[104/163] Building C object cmake/stm32cubemx/CMakeFiles/LwIP.dir/C_/Users/13193/Desktop/Project_Base/CubeMX_Base/Middlewares/Third_Party/LwIP/src/core/netif.c.obj
[105/163] Building C object cmake/stm32cubemx/CMakeFiles/LwIP.dir/C_/Users/13193/Desktop/Project_Base/CubeMX_Base/Middlewares/Third_Party/LwIP/src/core/pbuf.c.obj
[106/163] Building C object cmake/stm32cubemx/CMakeFiles/LwIP.dir/C_/Users/13193/Desktop/Project_Base/CubeMX_Base/Middlewares/Third_Party/LwIP/src/core/raw.c.obj
[107/163] Building C object cmake/stm32cubemx/CMakeFiles/LwIP.dir/C_/Users/13193/Desktop/Project_Base/CubeMX_Base/Middlewares/Third_Party/LwIP/src/core/stats.c.obj
[108/163] Building C object cmake/stm32cubemx/CMakeFiles/LwIP.dir/C_/Users/13193/Desktop/Project_Base/CubeMX_Base/Middlewares/Third_Party/LwIP/src/core/sys.c.obj
[109/163] Building C object cmake/stm32cubemx/CMakeFiles/LwIP.dir/C_/Users/13193/Desktop/Project_Base/CubeMX_Base/Middlewares/Third_Party/LwIP/src/core/tcp.c.obj
[110/163] Building C object cmake/stm32cubemx/CMakeFiles/LwIP.dir/C_/Users/13193/Desktop/Project_Base/CubeMX_Base/Middlewares/Third_Party/LwIP/src/core/tcp_in.c.obj
[111/163] Building C object cmake/stm32cubemx/CMakeFiles/LwIP.dir/C_/Users/13193/Desktop/Project_Base/CubeMX_Base/Middlewares/Third_Party/LwIP/src/core/tcp_out.c.obj
[112/163] Building C object cmake/stm32cubemx/CMakeFiles/LwIP.dir/C_/Users/13193/Desktop/Project_Base/CubeMX_Base/Middlewares/Third_Party/LwIP/src/core/timeouts.c.obj
[113/163] Building C object cmake/stm32cubemx/CMakeFiles/LwIP.dir/C_/Users/13193/Desktop/Project_Base/CubeMX_Base/Middlewares/Third_Party/LwIP/src/core/udp.c.obj
[114/163] Building C object cmake/stm32cubemx/CMakeFiles/LwIP.dir/C_/Users/13193/Desktop/Project_Base/CubeMX_Base/Middlewares/Third_Party/LwIP/src/core/ipv4/autoip.c.obj
[115/163] Building C object cmake/stm32cubemx/CMakeFiles/LwIP.dir/C_/Users/13193/Desktop/Project_Base/CubeMX_Base/Middlewares/Third_Party/LwIP/src/core/ipv4/dhcp.c.obj
[116/163] Building C object cmake/stm32cubemx/CMakeFiles/LwIP.dir/C_/Users/13193/Desktop/Project_Base/CubeMX_Base/Middlewares/Third_Party/LwIP/src/core/ipv4/etharp.c.obj
[117/163] Building C object cmake/stm32cubemx/CMakeFiles/LwIP.dir/C_/Users/13193/Desktop/Project_Base/CubeMX_Base/Middlewares/Third_Party/LwIP/src/core/ipv4/icmp.c.obj
[118/163] Building C object cmake/stm32cubemx/CMakeFiles/LwIP.dir/C_/Users/13193/Desktop/Project_Base/CubeMX_Base/Middlewares/Third_Party/LwIP/src/core/ipv4/igmp.c.obj
[119/163] Building C object cmake/stm32cubemx/CMakeFiles/LwIP.dir/C_/Users/13193/Desktop/Project_Base/CubeMX_Base/Middlewares/Third_Party/LwIP/src/core/ipv4/ip4.c.obj
[120/163] Building C object cmake/stm32cubemx/CMakeFiles/LwIP.dir/C_/Users/13193/Desktop/Project_Base/CubeMX_Base/Middlewares/Third_Party/LwIP/src/core/ipv4/ip4_addr.c.obj
[121/163] Building C object cmake/stm32cubemx/CMakeFiles/LwIP.dir/C_/Users/13193/Desktop/Project_Base/CubeMX_Base/Middlewares/Third_Party/LwIP/src/core/ipv4/ip4_frag.c.obj
[122/163] Building C object cmake/stm32cubemx/CMakeFiles/LwIP.dir/C_/Users/13193/Desktop/Project_Base/CubeMX_Base/Middlewares/Third_Party/LwIP/src/core/ipv6/dhcp6.c.obj
[123/163] Building C object cmake/stm32cubemx/CMakeFiles/LwIP.dir/C_/Users/13193/Desktop/Project_Base/CubeMX_Base/Middlewares/Third_Party/LwIP/src/core/ipv6/ethip6.c.obj
[124/163] Building C object cmake/stm32cubemx/CMakeFiles/LwIP.dir/C_/Users/13193/Desktop/Project_Base/CubeMX_Base/Middlewares/Third_Party/LwIP/src/core/ipv6/icmp6.c.obj
[125/163] Building C object cmake/stm32cubemx/CMakeFiles/LwIP.dir/C_/Users/13193/Desktop/Project_Base/CubeMX_Base/Middlewares/Third_Party/LwIP/src/core/ipv6/inet6.c.obj
[126/163] Building C object cmake/stm32cubemx/CMakeFiles/LwIP.dir/C_/Users/13193/Desktop/Project_Base/CubeMX_Base/Middlewares/Third_Party/LwIP/src/core/ipv6/ip6.c.obj
[127/163] Building C object cmake/stm32cubemx/CMakeFiles/LwIP.dir/C_/Users/13193/Desktop/Project_Base/CubeMX_Base/Middlewares/Third_Party/LwIP/src/core/ipv6/ip6_addr.c.obj
[128/163] Building C object cmake/stm32cubemx/CMakeFiles/LwIP.dir/C_/Users/13193/Desktop/Project_Base/CubeMX_Base/Middlewares/Third_Party/LwIP/src/core/ipv6/ip6_frag.c.obj
[129/163] Building C object cmake/stm32cubemx/CMakeFiles/LwIP.dir/C_/Users/13193/Desktop/Project_Base/CubeMX_Base/Middlewares/Third_Party/LwIP/src/core/ipv6/mld6.c.obj
[130/163] Building C object cmake/stm32cubemx/CMakeFiles/LwIP.dir/C_/Users/13193/Desktop/Project_Base/CubeMX_Base/Middlewares/Third_Party/LwIP/src/core/ipv6/nd6.c.obj
[131/163] Building C object cmake/stm32cubemx/CMakeFiles/LwIP.dir/C_/Users/13193/Desktop/Project_Base/CubeMX_Base/Middlewares/Third_Party/LwIP/system/OS/sys_arch.c.obj
[132/163] Building C object cmake/stm32cubemx/CMakeFiles/LwIP.dir/C_/Users/13193/Desktop/Project_Base/CubeMX_Base/Middlewares/Third_Party/LwIP/src/apps/mqtt/mqtt.c.obj
[133/163] Linking C static library nanomodbus\libnanomodbus.a
[134/163] Building C object application/CMakeFiles/app_diagnostics.dir/Diagnostics/Src/app_crash_diag.c.obj
[135/163] Building ASM object application/CMakeFiles/app_diagnostics.dir/Diagnostics/Src/app_crash_fault_gcc.S.obj
[136/163] Building C object application/CMakeFiles/app_transport.dir/Transport/Src/transport.c.obj
[137/163] Building C object application/CMakeFiles/app_transport.dir/Transport/Src/transport_uart.c.obj
[138/163] Building C object application/CMakeFiles/app_modbus_port.dir/ProtocolStack/ModbusPort/Src/modbus_port.c.obj
[139/163] Building C object application/CMakeFiles/device_library.dir/DeviceLibrary/Robot/Dobot/dobot_robot_device.c.obj
[140/163] Building C object application/CMakeFiles/device_library.dir/DeviceLibrary/CoffeeMachine/coffee_machine_f200.c.obj
[141/163] Building C object application/CMakeFiles/device_library.dir/DeviceLibrary/CupLidController/ShengShu/cup_lid_shengshu.c.obj
[142/163] Building C object application/CMakeFiles/device_library.dir/DeviceLibrary/SyrupMachine/CurrentModbus/syrup_machine_modbus.c.obj
[143/163] Building C object application/CMakeFiles/device_library.dir/DeviceLibrary/IceMachine/CurrentModbus/ice_machine_modbus.c.obj
[144/163] Building C object application/CMakeFiles/device_library.dir/DeviceLibrary/Scale/BSQ_DG_V2/scale_bsq_dg_v2.c.obj
[145/163] Building C object application/CMakeFiles/device_library.dir/DeviceLibrary/PowerMeter/DDSU666/power_meter_ddsu666.c.obj
[146/163] Building C object application/CMakeFiles/device_library.dir/DeviceLibrary/IoModule/ModbusDigitalIo/io_module_modbus_digital.c.obj
[147/163] Building C object application/CMakeFiles/coffee2_device_protocol.dir/DeviceProtocol/Coffee2Protocol/coffee2_rtu_protocol.c.obj
[148/163] Building C object application/CMakeFiles/coffee2_services.dir/Common/Log/app_log.c.obj
[149/163] Building C object application/CMakeFiles/app_transport.dir/Transport/Src/transport_tcp.c.obj
[150/163] Building C object application/CMakeFiles/coffee2_services.dir/UserAPP/Coffee2App/Ota/coffee2_ota_http.c.obj
[151/163] Building C object application/CMakeFiles/coffee2_services.dir/UserAPP/Coffee2App/Device/coffee2_device.c.obj
[152/163] Building C object application/CMakeFiles/coffee2_services.dir/UserAPP/Coffee2App/Comm_Log/coffee2_crash_log_port.c.obj
[153/163] Building C object application/CMakeFiles/coffee2_services.dir/Common/Ota/app_ota_flash.c.obj
[154/163] Building C object application/CMakeFiles/coffee2_services.dir/UserAPP/Coffee2App/Ota/coffee2_ota_flash.c.obj
[155/163] Building C object application/CMakeFiles/coffee2_services.dir/UserAPP/Coffee2App/IO_State/coffee2_io.c.obj
[156/163] Building C object application/CMakeFiles/coffee2_services.dir/UserAPP/Coffee2App/Modbus_Rtu_Bus/coffee2_rtu_bus.c.obj
[157/163] Building C object application/CMakeFiles/coffee2_workflow.dir/UserAPP/Coffee2App/WorkFlow/coffee2_workflow.c.obj
[158/163] Building C object application/CMakeFiles/coffee2_services.dir/UserAPP/Coffee2App/Comm_Log/coffee2_log.c.obj
[159/163] Building C object application/CMakeFiles/coffee2_services.dir/Common/Ota/app_ota_http.c.obj
[160/163] Building C object application/CMakeFiles/coffee2_services.dir/UserAPP/Coffee2App/Modbus_Tcp_Server/coffee2_server.c.obj
[161/163] Building C object application/CMakeFiles/coffee2_startup.dir/UserAPP/Coffee2App/Task_Manager/coffee2_manager.c.obj
[162/163] Building C object application/CMakeFiles/coffee2_services.dir/UserAPP/Coffee2App/Robot_Tcp/coffee2_robot_tcp.c.obj
[163/163] Linking C executable Coffee2Target.elf; Generating Coffee2Target HEX/BIN and memory summary
Memory region         Used Size  Region Size  %age Used
             RAM:      101312 B       128 KB     77.29%
          CCMRAM:       40824 B        64 KB     62.29%
           FLASH:      175724 B       336 KB     51.07%
   text	   data	    bss	    dec	    hex	filename
 175548	    168	 141968	 317684	  4d8f4	C:/Users/13193/Desktop/Project_Base/GCC-ARM/build/Coffee2-Debug/Coffee2Target.elf
